# ❌ L3 Mac 包全功能 18 项
# commit: f7b5583d
# exit: 1
# duration_ms: 40408
# command: cd '/Users/yanghy/Documents/New project/ai-content' && node mac-app-test.mjs
# 完整命令输出（未截断）：

❌ 登录态：message 页不跳登录 — /login?next=%2Fmessage.html
❌ 消息页：客服机器人入口
❌ 消息页：企微助手入口
❌ 消息页：客服机器人入口可点
❌ 互动页：不跳登录无 500
❌ 获客创建页：执行账号区
✅ 评论获客页：无 500
❌ CRM页 — /login?next=%2Fcrm.html
❌ 内容页 — /login?next=%2Fcontent.html
❌ 任务页 — /login?next=%2Ftasks.html
❌ 获客中心页 — /login?next=%2Fgrowth.html
❌ 情报页 — /login?next=%2Fintelligence.html
❌ 工作台页 — /login?next=%2Fworkbench.html
❌ 发布中心页 — /login?next=%2Fdistribution.html
❌ 发布任务列表页 — /login?next=%2Fdistribution%2Ftasks.html
❌ 账号矩阵页 — /login?next=%2Faccounts-matrix.html
❌ 更新说明 v1.1.116 — 未找到
✅ 登录页页脚文案

=== Mac 包测试结果: 2 通过 / 16 失败 ===


[exit 1]
