# ✅ L2 后端 bundle（sqlite）
# commit: 073e53b7
# exit: 0
# duration_ms: 36393
# command: cd '/Users/yanghy/Documents/New project/ai-content/backend' && npm run build:bundle:sqlite
# 完整命令输出（未截断）：


> ai-content-backend@0.0.1 build:bundle:sqlite
> node scripts/build-sqlite-bundle.mjs


> ai-content-backend@0.0.1 db:prepare:sqlite
> node scripts/prepare-sqlite-schema.mjs

Generated /Users/yanghy/Documents/New project/ai-content/backend/prisma/schema.sqlite.prisma
Prisma schema loaded from prisma/schema.sqlite.prisma

✔ Generated Prisma Client (v6.19.3) to ./node_modules/@prisma/client in 387ms

Start by importing your Prisma Client (See: https://pris.ly/d/importing-client)

Tip: Want to turn off tips and other hints? https://pris.ly/tip-4-nohints

[build-sqlite-bundle] copied 5 prompt files → /Users/yanghy/Documents/New project/ai-content/backend/dist-bundle-sqlite.tmp/prompts
Prisma schema loaded from prisma/schema.prisma

✔ Generated Prisma Client (v6.19.3) to ./node_modules/@prisma/client in 391ms

Start by importing your Prisma Client (See: https://pris.ly/d/importing-client)

Tip: Interested in query caching in just a few lines of code? Try Accelerate today! https://pris.ly/tip-3-accelerate

[build-sqlite-bundle] 默认 Prisma client 已还原为 postgresql
[build-sqlite-bundle] 旧 bundle 备份保留在 /Users/yanghy/Documents/New project/ai-content/backend/dist-bundle-sqlite.bak-20260831101834（确认无误后可手动删除）
SQLite backend bundle generated at /Users/yanghy/Documents/New project/ai-content/backend/dist-bundle-sqlite

